// Jest Snapshot v1, https://goo.gl/fbAQLP

exports[`renders correctly 1`] = `
<Icon
  className="mdc-button__icon"
>
  favorite
</Icon>
`;
