// Jest Snapshot v1, https://goo.gl/fbAQLP

exports[`should render correctly 1`] = `
<div
  className="mdc-text-field-helper-line"
>
  <p
    className="mdc-text-field-helper-text mdc-text-field-helper-text--persistent mdc-text-field-helper-text--validation-msg custom"
  >
    children
  </p>
</div>
`;
