// Jest Snapshot v1, https://goo.gl/fbAQLP

exports[`should render correctly 1`] = `
<button
  aria-label="favorite"
  class="mdc-icon-button material-icons mdc-top-app-bar__action-item"
  type="button"
>
  favorite
</button>
`;
